../Core/Src/LORA.c:19:6:LORA_Init	16	static
../Core/Src/LORA.c:30:19:LORA_Begin	32	static
../Core/Src/LORA.c:70:6:LORA_SetAddress	16	static
../Core/Src/LORA.c:76:6:LORA_SetChannel	16	static
../Core/Src/LORA.c:81:6:LORA_SetPacketCallback	16	static
../Core/Src/LORA.c:90:6:LORA_SetTransceiverMode	16	static
../Core/Src/LORA.c:98:6:LORA_SetConfigMode	16	static
../Core/Src/LORA.c:110:19:LORA_SendString	16	static
../Core/Src/LORA.c:119:19:LORA_SendData	32	static
../Core/Src/LORA.c:128:19:LORA_SendFormatted	268	static
../Core/Src/LORA.c:143:19:LORA_SendStruct	32	static
../Core/Src/LORA.c:153:19:LORA_SendInt	16	static
../Core/Src/LORA.c:162:19:LORA_SendFloat	16	static
../Core/Src/LORA.c:171:19:LORA_SendDouble	24	static
../Core/Src/LORA.c:184:19:LORA_SendStringTo	40	static
../Core/Src/LORA.c:199:19:LORA_SendDataTo	32	static
../Core/Src/LORA.c:235:19:LORA_SendStructTo	32	static
../Core/Src/LORA.c:256:6:LORA_StartReception	16	static
../Core/Src/LORA.c:272:6:LORA_HandleIdleInterrupt	24	static
../Core/Src/LORA.c:313:6:LORA_ProcessReceived	16	static
../Core/Src/LORA.c:331:6:LORA_Manager	16	static
../Core/Src/LORA.c:348:6:LORA_MakeReady	16	static
../Core/Src/LORA.c:357:6:LORA_PrintInfo	16	static
../Core/Src/LORA.c:402:6:LORA_InternalTransmitCallback	24	static
../Core/Src/LORA.c:407:6:LORA_InternalStartReceptionCallback	24	static
../Core/Src/LORA.c:412:6:LORA_InternalPacketHandlerCallback	16	static
../Core/Src/LORA.c:419:6:LORA_InternalSetConfigModeCallback	8	static
../Core/Src/LORA.c:426:6:LORA_InternalSetTransceiverModeCallback	8	static
